// Jest Snapshot v1, https://goo.gl/fbAQLP

exports[`renders correctly 1`] = `
<form
  className="IndividualRegForm"
  onSubmit={[Function]}
>
  <div
    className="name"
  >
    <label
      htmlFor="IndividualRegForm__name"
    >
      Full name: 
      <span
        className="Required "
      >
        *
      </span>
    </label>
    <input
      className="Input "
      id="IndividualRegForm__name"
      name="name"
      onChange={[Function]}
      placeholder="joe doe"
      type="text"
    />
  </div>
  <div
    className="username"
  >
    <label
      htmlFor="IndividualRegForm__username"
    >
      Username: 
      <span
        className="Required "
      >
        *
      </span>
    </label>
    <input
      className="Input "
      id="IndividualRegForm__username"
      name="username"
      onChange={[Function]}
      placeholder="joedoe"
      type="text"
    />
  </div>
  <div
    className="email"
  >
    <label
      htmlFor="IndividualRegForm__email"
    >
      Email: 
      <span
        className="Required "
      >
        *
      </span>
    </label>
    <input
      className="Input "
      id="IndividualRegForm__email"
      name="email"
      onChange={[Function]}
      type="text"
    />
  </div>
  <div
    className="location"
  >
    <label
      htmlFor="IndividualRegForm__location"
    >
      Zip code: 
      <span
        className="Required "
      >
        *
      </span>
    </label>
    <input
      className="Input "
      id="IndividualRegForm__location"
      name="location"
      onChange={[Function]}
      placeholder="88888"
      type="text"
    />
  </div>
  <div
    className="password"
  >
    <label
      htmlFor="IndividualRegForm__password"
    >
      Password: 
      <span
        className="Required "
      >
        *
      </span>
    </label>
    <input
      className="Input "
      id="IndividualRegForm__password"
      name="password"
      onChange={[Function]}
      placeholder="Password123"
      type="password"
    />
  </div>
  <div
    className="re-enter-password"
  >
    <label
      htmlFor="IndividualRegForm__repeatPassword"
    >
      Repeat password: 
      <span
        className="Required "
      >
        *
      </span>
    </label>
    <input
      className="Input "
      id="IndividualRegForm__repeatPassword"
      name="repeatPassword"
      onChange={[Function]}
      placeholder="Password123"
      type="password"
    />
  </div>
  <button
    className="Button "
    disabled="Please enter name"
    type="submit"
  >
    Sign up
  </button>
</form>
`;
